---
source: crates/oxc_linter/src/tester.rs
---
  ⚠ eslint(no-control-regex): Unexpected control character
   ╭─[no_control_regex.tsx:1:11]
 1 │ const r = /\0/;
   ·           ────
   ╰────
  help: '\0' matches the null character (U+0000), which is a control character. If you intend to match the null character, consider using '\x00' or '\u0000' for clarity.

  ⚠ eslint(no-control-regex): Unexpected control character
   ╭─[no_control_regex.tsx:1:11]
 1 │ const r = /[a-z]\1/;
   ·           ─────────
   ╰────
  help: '\1' is not a valid control character. They look like backreferences, but there is no corresponding capture group. If you are trying to match the octal character, consider using '\xNN' or '\u00NN' instead.

  ⚠ eslint(no-control-regex): Unexpected control character
   ╭─[no_control_regex.tsx:1:11]
 1 │ const r = /([a-z])\2/;
   ·           ───────────
   ╰────
  help: '\2' is not a valid control character. They look like backreferences, but there is no corresponding capture group. If you are trying to match the octal character, consider using '\xNN' or '\u00NN' instead.

  ⚠ eslint(no-control-regex): Unexpected control character
   ╭─[no_control_regex.tsx:1:11]
 1 │ const r = /([a-z])\0/;
   ·           ───────────
   ╰────
  help: '\0' matches the null character (U+0000), which is a control character. If you intend to match the null character, consider using '\x00' or '\u0000' for clarity.
