---
source: crates/oxc_isolated_declarations/tests/mod.rs
input_file: crates/oxc_isolated_declarations/tests/fixtures/object.ts
---
```
==================== .D.TS ====================

declare const A: {
	state: number
};
declare const B: {
	state: string
};
declare const C: {
	state: number
};
declare const D: {
	state: number
};
declare const E: {};
declare const ObjectMethods: {
	a(): number
	b(): number
	c()
};


==================== Errors ====================

  x TS9013: Expression type can't be inferred with --isolatedDeclarations.
    ,-[32:6]
 31 | const E = {
 32 |     get state() {
    :         ^^^^^
 33 |         return A;
    `----

  x TS9013: Expression type can't be inferred with --isolatedDeclarations.
    ,-[35:11]
 34 |     },
 35 |     set state(v) {
    :              ^^^
 36 |         // do something
    `----

  x TS9008: Method must have an explicit return type annotation with
  | --isolatedDeclarations.
    ,-[45:2]
 44 |     b(): number {},
 45 |     c() {},
    :     ^
 46 | };
    `----


```
