codegen_misc Summary:
AST Parsed     : 37/37 (100.00%)
Positive Passed: 37/37 (100.00%)
