commit: 81c95189

codegen_typescript Summary:
AST Parsed     : 6576/6576 (100.00%)
Positive Passed: 6576/6576 (100.00%)
