transformer_misc Summary:
AST Parsed     : 42/42 (100.00%)
Positive Passed: 42/42 (100.00%)
